kae@kaenosuke MINGW64 ~
$ cd C:/Users/kae/Documents/samurai/git_challenge

kae@kaenosuke MINGW64 ~/Documents/samurai/git_challenge
$ git init
Initialized empty Git repository in C:/Users/kae/Documents/samurai/git_challenge/.git/

kae@kaenosuke MINGW64 ~/Documents/samurai/git_challenge (main)
$ git add hello_world.txt

kae@kaenosuke MINGW64 ~/Documents/samurai/git_challenge (main)
$ git commit -m "hello_world.txtを追加"
[main (root-commit) ab53bc1] hello_world.txtを追加
 1 file changed, 1 insertion(+)
 create mode 100644 hello_world.txt

kae@kaenosuke MINGW64 ~/Documents/samurai/git_challenge (main)
$ git add hello_world.txt

kae@kaenosuke MINGW64 ~/Documents/samurai/git_challenge (main)
$ git commit -m "日本語訳を追記"
[main 9511412] 日本語訳を追記
 1 file changed, 2 insertions(+), 1 deletion(-)

kae@kaenosuke MINGW64 ~/Documents/samurai/git_challenge (main)
$ git log --oneline
9511412 (HEAD -> main) 日本語訳を追記
ab53bc1 hello_world.txtを追加
